Archive member included because of file (symbol)

/usr/lib/gcc/avr/4.7.0/avr5/libgcc.a(_exit.o)
                              /usr/lib/gcc/avr/4.7.0/../../../avr/lib/avr5/crtm16u4.o (exit)
/usr/lib/gcc/avr/4.7.0/avr5/libgcc.a(_copy_data.o)
                              ./src/LUFA/Drivers/USB/Class/Device/CDCClassDevice.o (__do_copy_data)
/usr/lib/gcc/avr/4.7.0/avr5/libgcc.a(_clear_bss.o)
                              ./src/LUFA/Drivers/USB/Core/DeviceStandardReq.o (__do_clear_bss)
/usr/lib/gcc/avr/4.7.0/../../../avr/lib/avr5/libc.a(iob.o)
                              ./src/LUFA/Drivers/Peripheral/AVR8/Serial_AVR8.o (__iob)
/usr/lib/gcc/avr/4.7.0/../../../avr/lib/avr5/libc.a(eerd_byte_atmega16u4.o)
                              ./src/LUFA/Drivers/USB/Core/AVR8/EndpointStream_AVR8.o (__eerd_byte_m16u4)
/usr/lib/gcc/avr/4.7.0/../../../avr/lib/avr5/libc.a(eeupd_byte_atmega16u4.o)
                              ./src/LUFA/Drivers/USB/Core/AVR8/EndpointStream_AVR8.o (__eeupd_byte_m16u4)

Allocating common symbols
Common symbol       size              file

USB_IsInitialized   0x1               ./src/LUFA/Drivers/USB/Core/USBTask.o
adcBuffer           0x200             ./src/Loader.o
adcRingBuffer       0xc               ./src/Loader.o
USB_DeviceState     0x1               ./src/LUFA/Drivers/USB/Core/USBTask.o
USB_Device_ConfigurationNumber
                    0x1               ./src/LUFA/Drivers/USB/Core/DeviceStandardReq.o
USB_Device_CurrentlySelfPowered
                    0x1               ./src/LUFA/Drivers/USB/Core/DeviceStandardReq.o
loadBuffer          0x100             ./src/Loader.o
USARTSerialStream   0xe               ./src/LUFA/Drivers/Peripheral/AVR8/Serial_AVR8.o
USB_ControlRequest  0x8               ./src/LUFA/Drivers/USB/Core/USBTask.o
USB_Device_RemoteWakeupEnabled
                    0x1               ./src/LUFA/Drivers/USB/Core/DeviceStandardReq.o
__iob               0x6               /usr/lib/gcc/avr/4.7.0/../../../avr/lib/avr5/libc.a(iob.o)
ringBuffer          0xc               ./src/Loader.o

Memory Configuration

Name             Origin             Length             Attributes
text             0x0000000000000000 0x0000000000020000 xr
data             0x0000000000800060 0x000000000000ffa0 rw !x
eeprom           0x0000000000810000 0x0000000000010000 rw !x
fuse             0x0000000000820000 0x0000000000000400 rw !x
lock             0x0000000000830000 0x0000000000000400 rw !x
signature        0x0000000000840000 0x0000000000000400 rw !x
*default*        0x0000000000000000 0xffffffffffffffff

Linker script and memory map

Address of section .data set to 0x800100
LOAD /usr/lib/gcc/avr/4.7.0/../../../avr/lib/avr5/crtm16u4.o
LOAD ./src/LUFA/Platform/UC3/Exception.o
LOAD ./src/LUFA/Platform/UC3/InterruptManagement.o
LOAD ./src/LUFA/Drivers/USB/Core/XMEGA/Template/Template_Endpoint_Control_R.o
LOAD ./src/LUFA/Drivers/USB/Core/XMEGA/Template/Template_Endpoint_Control_W.o
LOAD ./src/LUFA/Drivers/USB/Core/XMEGA/Template/Template_Endpoint_RW.o
LOAD ./src/LUFA/Drivers/USB/Core/XMEGA/Device_XMEGA.o
LOAD ./src/LUFA/Drivers/USB/Core/XMEGA/EndpointStream_XMEGA.o
LOAD ./src/LUFA/Drivers/USB/Core/XMEGA/Endpoint_XMEGA.o
LOAD ./src/LUFA/Drivers/USB/Core/XMEGA/Host_XMEGA.o
LOAD ./src/LUFA/Drivers/USB/Core/XMEGA/PipeStream_XMEGA.o
LOAD ./src/LUFA/Drivers/USB/Core/XMEGA/Pipe_XMEGA.o
LOAD ./src/LUFA/Drivers/USB/Core/XMEGA/USBController_XMEGA.o
LOAD ./src/LUFA/Drivers/USB/Core/XMEGA/USBInterrupt_XMEGA.o
LOAD ./src/LUFA/Drivers/USB/Core/UC3/Template/Template_Endpoint_Control_R.o
LOAD ./src/LUFA/Drivers/USB/Core/UC3/Template/Template_Endpoint_Control_W.o
LOAD ./src/LUFA/Drivers/USB/Core/UC3/Template/Template_Endpoint_RW.o
LOAD ./src/LUFA/Drivers/USB/Core/UC3/Template/Template_Pipe_RW.o
LOAD ./src/LUFA/Drivers/USB/Core/UC3/Device_UC3.o
LOAD ./src/LUFA/Drivers/USB/Core/UC3/EndpointStream_UC3.o
LOAD ./src/LUFA/Drivers/USB/Core/UC3/Endpoint_UC3.o
LOAD ./src/LUFA/Drivers/USB/Core/UC3/Host_UC3.o
LOAD ./src/LUFA/Drivers/USB/Core/UC3/PipeStream_UC3.o
LOAD ./src/LUFA/Drivers/USB/Core/UC3/Pipe_UC3.o
LOAD ./src/LUFA/Drivers/USB/Core/UC3/USBController_UC3.o
LOAD ./src/LUFA/Drivers/USB/Core/UC3/USBInterrupt_UC3.o
LOAD ./src/LUFA/Drivers/USB/Core/AVR8/Template/Template_Endpoint_Control_R.o
LOAD ./src/LUFA/Drivers/USB/Core/AVR8/Template/Template_Endpoint_Control_W.o
LOAD ./src/LUFA/Drivers/USB/Core/AVR8/Template/Template_Endpoint_RW.o
LOAD ./src/LUFA/Drivers/USB/Core/AVR8/Template/Template_Pipe_RW.o
LOAD ./src/LUFA/Drivers/USB/Core/AVR8/Device_AVR8.o
LOAD ./src/LUFA/Drivers/USB/Core/AVR8/EndpointStream_AVR8.o
LOAD ./src/LUFA/Drivers/USB/Core/AVR8/Endpoint_AVR8.o
LOAD ./src/LUFA/Drivers/USB/Core/AVR8/Host_AVR8.o
LOAD ./src/LUFA/Drivers/USB/Core/AVR8/PipeStream_AVR8.o
LOAD ./src/LUFA/Drivers/USB/Core/AVR8/Pipe_AVR8.o
LOAD ./src/LUFA/Drivers/USB/Core/AVR8/USBController_AVR8.o
LOAD ./src/LUFA/Drivers/USB/Core/AVR8/USBInterrupt_AVR8.o
LOAD ./src/LUFA/Drivers/USB/Core/ConfigDescriptors.o
LOAD ./src/LUFA/Drivers/USB/Core/DeviceStandardReq.o
LOAD ./src/LUFA/Drivers/USB/Core/Events.o
LOAD ./src/LUFA/Drivers/USB/Core/HostStandardReq.o
LOAD ./src/LUFA/Drivers/USB/Core/USBTask.o
LOAD ./src/LUFA/Drivers/USB/Class/Host/AndroidAccessoryClassHost.o
LOAD ./src/LUFA/Drivers/USB/Class/Host/AudioClassHost.o
LOAD ./src/LUFA/Drivers/USB/Class/Host/CDCClassHost.o
LOAD ./src/LUFA/Drivers/USB/Class/Host/HIDClassHost.o
LOAD ./src/LUFA/Drivers/USB/Class/Host/MIDIClassHost.o
LOAD ./src/LUFA/Drivers/USB/Class/Host/MassStorageClassHost.o
LOAD ./src/LUFA/Drivers/USB/Class/Host/PrinterClassHost.o
LOAD ./src/LUFA/Drivers/USB/Class/Host/RNDISClassHost.o
LOAD ./src/LUFA/Drivers/USB/Class/Host/StillImageClassHost.o
LOAD ./src/LUFA/Drivers/USB/Class/Device/CDCClassDevice.o
LOAD ./src/LUFA/Drivers/Peripheral/XMEGA/Serial_XMEGA.o
LOAD ./src/LUFA/Drivers/Peripheral/AVR8/Serial_AVR8.o
LOAD ./src/LUFA/Drivers/Peripheral/AVR8/TWI_AVR8.o
LOAD ./src/LUFA/Drivers/Board/Temperature.o
LOAD ./src/Descriptors.o
LOAD ./src/Flash.o
LOAD ./src/Loader.o
LOAD /usr/lib/gcc/avr/4.7.0/avr5/libgcc.a
LOAD /usr/lib/gcc/avr/4.7.0/../../../avr/lib/avr5/libc.a
LOAD /usr/lib/gcc/avr/4.7.0/avr5/libgcc.a

.hash
 *(.hash)

.dynsym
 *(.dynsym)

.dynstr
 *(.dynstr)

.gnu.version
 *(.gnu.version)

.gnu.version_d
 *(.gnu.version_d)

.gnu.version_r
 *(.gnu.version_r)

.rel.init
 *(.rel.init)

.rela.init
 *(.rela.init)

.rel.text
 *(.rel.text)
 *(.rel.text.*)
 *(.rel.gnu.linkonce.t*)

.rela.text
 *(.rela.text)
 *(.rela.text.*)
 *(.rela.gnu.linkonce.t*)

.rel.fini
 *(.rel.fini)

.rela.fini
 *(.rela.fini)

.rel.rodata
 *(.rel.rodata)
 *(.rel.rodata.*)
 *(.rel.gnu.linkonce.r*)

.rela.rodata
 *(.rela.rodata)
 *(.rela.rodata.*)
 *(.rela.gnu.linkonce.r*)

.rel.data
 *(.rel.data)
 *(.rel.data.*)
 *(.rel.gnu.linkonce.d*)

.rela.data
 *(.rela.data)
 *(.rela.data.*)
 *(.rela.gnu.linkonce.d*)

.rel.ctors
 *(.rel.ctors)

.rela.ctors
 *(.rela.ctors)

.rel.dtors
 *(.rel.dtors)

.rela.dtors
 *(.rela.dtors)

.rel.got
 *(.rel.got)

.rela.got
 *(.rela.got)

.rel.bss
 *(.rel.bss)

.rela.bss
 *(.rela.bss)

.rel.plt
 *(.rel.plt)

.rela.plt
 *(.rela.plt)

.text           0x0000000000000000     0x2f0c
 *(.vectors)
 .vectors       0x0000000000000000       0xac /usr/lib/gcc/avr/4.7.0/../../../avr/lib/avr5/crtm16u4.o
                0x0000000000000000                __vectors
                0x0000000000000000                __vector_default
 *(.vectors)
 *(.progmem.gcc*)
 *(.progmem*)
 .progmem.data  0x00000000000000ac       0x7c ./src/Descriptors.o
                0x00000000000000ac                ProductString
                0x00000000000000be                ManufacturerString
                0x00000000000000d4                LanguageString
                0x00000000000000d8                ConfigurationDescriptor
                0x0000000000000116                DeviceDescriptor
                0x0000000000000128                . = ALIGN (0x2)
                0x0000000000000128                __trampolines_start = .
 *(.trampolines)
 .trampolines   0x0000000000000128        0x0 linker stubs
 *(.trampolines*)
                0x0000000000000128                __trampolines_end = .
 *(.jumptables)
 *(.jumptables*)
 *(.lowtext)
 *(.lowtext*)
                0x0000000000000128                __ctors_start = .
 *(.ctors)
                0x0000000000000128                __ctors_end = .
                0x0000000000000128                __dtors_start = .
 *(.dtors)
                0x0000000000000128                __dtors_end = .
 SORT(*)(.ctors)
 SORT(*)(.dtors)
 *(.init0)
 .init0         0x0000000000000128        0x0 /usr/lib/gcc/avr/4.7.0/../../../avr/lib/avr5/crtm16u4.o
                0x0000000000000128                __init
 *(.init0)
 *(.init1)
 *(.init1)
 *(.init2)
 .init2         0x0000000000000128        0xc /usr/lib/gcc/avr/4.7.0/../../../avr/lib/avr5/crtm16u4.o
 *(.init2)
 *(.init3)
 *(.init3)
 *(.init4)
 .init4         0x0000000000000134       0x16 /usr/lib/gcc/avr/4.7.0/avr5/libgcc.a(_copy_data.o)
                0x0000000000000134                __do_copy_data
 .init4         0x000000000000014a       0x10 /usr/lib/gcc/avr/4.7.0/avr5/libgcc.a(_clear_bss.o)
                0x000000000000014a                __do_clear_bss
 *(.init4)
 *(.init5)
 *(.init5)
 *(.init6)
 *(.init6)
 *(.init7)
 *(.init7)
 *(.init8)
 *(.init8)
 *(.init9)
 .init9         0x000000000000015a        0x8 /usr/lib/gcc/avr/4.7.0/../../../avr/lib/avr5/crtm16u4.o
 *(.init9)
 *(.text)
 .text          0x0000000000000162        0x4 /usr/lib/gcc/avr/4.7.0/../../../avr/lib/avr5/crtm16u4.o
                0x0000000000000162                __vector_38
                0x0000000000000162                __vector_22
                0x0000000000000162                __vector_28
                0x0000000000000162                __vector_1
                0x0000000000000162                __vector_32
                0x0000000000000162                __vector_34
                0x0000000000000162                __vector_24
                0x0000000000000162                __vector_12
                0x0000000000000162                __bad_interrupt
                0x0000000000000162                __vector_6
                0x0000000000000162                __vector_31
                0x0000000000000162                __vector_35
                0x0000000000000162                __vector_39
                0x0000000000000162                __vector_3
                0x0000000000000162                __vector_23
                0x0000000000000162                __vector_30
                0x0000000000000162                __vector_13
                0x0000000000000162                __vector_17
                0x0000000000000162                __vector_19
                0x0000000000000162                __vector_7
                0x0000000000000162                __vector_41
                0x0000000000000162                __vector_27
                0x0000000000000162                __vector_5
                0x0000000000000162                __vector_33
                0x0000000000000162                __vector_37
                0x0000000000000162                __vector_4
                0x0000000000000162                __vector_9
                0x0000000000000162                __vector_2
                0x0000000000000162                __vector_21
                0x0000000000000162                __vector_15
                0x0000000000000162                __vector_36
                0x0000000000000162                __vector_40
                0x0000000000000162                __vector_8
                0x0000000000000162                __vector_26
                0x0000000000000162                __vector_14
                0x0000000000000162                __vector_16
                0x0000000000000162                __vector_18
                0x0000000000000162                __vector_20
                0x0000000000000162                __vector_42
 .text          0x0000000000000166        0x0 ./src/LUFA/Platform/UC3/Exception.o
 .text          0x0000000000000166        0x0 ./src/LUFA/Platform/UC3/InterruptManagement.o
 .text          0x0000000000000166        0x0 ./src/LUFA/Drivers/USB/Core/XMEGA/Template/Template_Endpoint_Control_R.o
 .text          0x0000000000000166        0x0 ./src/LUFA/Drivers/USB/Core/XMEGA/Template/Template_Endpoint_Control_W.o
 .text          0x0000000000000166        0x0 ./src/LUFA/Drivers/USB/Core/XMEGA/Template/Template_Endpoint_RW.o
 .text          0x0000000000000166        0x0 ./src/LUFA/Drivers/USB/Core/XMEGA/Device_XMEGA.o
 .text          0x0000000000000166        0x0 ./src/LUFA/Drivers/USB/Core/XMEGA/EndpointStream_XMEGA.o
 .text          0x0000000000000166        0x0 ./src/LUFA/Drivers/USB/Core/XMEGA/Endpoint_XMEGA.o
 .text          0x0000000000000166        0x0 ./src/LUFA/Drivers/USB/Core/XMEGA/Host_XMEGA.o
 .text          0x0000000000000166        0x0 ./src/LUFA/Drivers/USB/Core/XMEGA/PipeStream_XMEGA.o
 .text          0x0000000000000166        0x0 ./src/LUFA/Drivers/USB/Core/XMEGA/Pipe_XMEGA.o
 .text          0x0000000000000166        0x0 ./src/LUFA/Drivers/USB/Core/XMEGA/USBController_XMEGA.o
 .text          0x0000000000000166        0x0 ./src/LUFA/Drivers/USB/Core/XMEGA/USBInterrupt_XMEGA.o
 .text          0x0000000000000166        0x0 ./src/LUFA/Drivers/USB/Core/UC3/Template/Template_Endpoint_Control_R.o
 .text          0x0000000000000166        0x0 ./src/LUFA/Drivers/USB/Core/UC3/Template/Template_Endpoint_Control_W.o
 .text          0x0000000000000166        0x0 ./src/LUFA/Drivers/USB/Core/UC3/Template/Template_Endpoint_RW.o
 .text          0x0000000000000166        0x0 ./src/LUFA/Drivers/USB/Core/UC3/Template/Template_Pipe_RW.o
 .text          0x0000000000000166        0x0 ./src/LUFA/Drivers/USB/Core/UC3/Device_UC3.o
 .text          0x0000000000000166        0x0 ./src/LUFA/Drivers/USB/Core/UC3/EndpointStream_UC3.o
 .text          0x0000000000000166        0x0 ./src/LUFA/Drivers/USB/Core/UC3/Endpoint_UC3.o
 .text          0x0000000000000166        0x0 ./src/LUFA/Drivers/USB/Core/UC3/Host_UC3.o
 .text          0x0000000000000166        0x0 ./src/LUFA/Drivers/USB/Core/UC3/PipeStream_UC3.o
 .text          0x0000000000000166        0x0 ./src/LUFA/Drivers/USB/Core/UC3/Pipe_UC3.o
 .text          0x0000000000000166        0x0 ./src/LUFA/Drivers/USB/Core/UC3/USBController_UC3.o
 .text          0x0000000000000166        0x0 ./src/LUFA/Drivers/USB/Core/UC3/USBInterrupt_UC3.o
 .text          0x0000000000000166        0x0 ./src/LUFA/Drivers/USB/Core/AVR8/Template/Template_Endpoint_Control_R.o
 .text          0x0000000000000166        0x0 ./src/LUFA/Drivers/USB/Core/AVR8/Template/Template_Endpoint_Control_W.o
 .text          0x0000000000000166        0x0 ./src/LUFA/Drivers/USB/Core/AVR8/Template/Template_Endpoint_RW.o
 .text          0x0000000000000166        0x0 ./src/LUFA/Drivers/USB/Core/AVR8/Template/Template_Pipe_RW.o
 .text          0x0000000000000166       0x2a ./src/LUFA/Drivers/USB/Core/AVR8/Device_AVR8.o
                0x0000000000000166                USB_Device_SendRemoteWakeup
 .text          0x0000000000000190      0xf16 ./src/LUFA/Drivers/USB/Core/AVR8/EndpointStream_AVR8.o
                0x0000000000000190                Endpoint_Discard_Stream
                0x000000000000021e                Endpoint_Null_Stream
                0x00000000000002ac                Endpoint_Write_Stream_LE
                0x000000000000034e                Endpoint_Write_Stream_BE
                0x00000000000003fa                Endpoint_Read_Stream_LE
                0x000000000000049c                Endpoint_Read_Stream_BE
                0x0000000000000548                Endpoint_Write_PStream_LE
                0x00000000000005ee                Endpoint_Write_PStream_BE
                0x000000000000069c                Endpoint_Write_EStream_LE
                0x0000000000000740                Endpoint_Write_EStream_BE
                0x00000000000007f0                Endpoint_Read_EStream_LE
                0x0000000000000898                Endpoint_Read_EStream_BE
                0x0000000000000948                Endpoint_Write_Control_Stream_LE
                0x0000000000000a06                Endpoint_Write_Control_Stream_BE
                0x0000000000000acc                Endpoint_Read_Control_Stream_LE
                0x0000000000000b5a                Endpoint_Read_Control_Stream_BE
                0x0000000000000be0                Endpoint_Write_Control_PStream_LE
                0x0000000000000ca0                Endpoint_Write_Control_PStream_BE
                0x0000000000000d66                Endpoint_Write_Control_EStream_LE
                0x0000000000000e5a                Endpoint_Write_Control_EStream_BE
                0x0000000000000f5c                Endpoint_Read_Control_EStream_LE
                0x0000000000001004                Endpoint_Read_Control_EStream_BE
 .text          0x00000000000010a6      0x1bc ./src/LUFA/Drivers/USB/Core/AVR8/Endpoint_AVR8.o
                0x00000000000010a6                Endpoint_ConfigureEndpoint_Prv
                0x0000000000001114                Endpoint_ConfigureEndpointTable
                0x0000000000001194                Endpoint_ClearEndpoints
                0x00000000000011bc                Endpoint_ClearStatusStage
                0x00000000000011fe                Endpoint_WaitUntilReady
 .text          0x0000000000001262        0x0 ./src/LUFA/Drivers/USB/Core/AVR8/Host_AVR8.o
 .text          0x0000000000001262        0x0 ./src/LUFA/Drivers/USB/Core/AVR8/PipeStream_AVR8.o
 .text          0x0000000000001262        0x0 ./src/LUFA/Drivers/USB/Core/AVR8/Pipe_AVR8.o
 .text          0x0000000000001262       0xdc ./src/LUFA/Drivers/USB/Core/AVR8/USBController_AVR8.o
                0x0000000000001262                USB_Disable
                0x0000000000001296                USB_ResetInterface
                0x000000000000131c                USB_Init
 .text          0x000000000000133e      0x23c ./src/LUFA/Drivers/USB/Core/AVR8/USBInterrupt_AVR8.o
                0x000000000000133e                USB_INT_DisableAllInterrupts
                0x000000000000134e                USB_INT_ClearAllInterrupts
                0x0000000000001358                __vector_10
                0x00000000000014f2                __vector_11
 .text          0x000000000000157a      0x170 ./src/LUFA/Drivers/USB/Core/ConfigDescriptors.o
                0x000000000000157a                USB_GetNextDescriptorOfType
                0x00000000000015c2                USB_GetNextDescriptorOfTypeBefore
                0x0000000000001626                USB_GetNextDescriptorOfTypeAfter
                0x0000000000001664                USB_GetNextDescriptorComp
 .text          0x00000000000016ea      0x2d2 ./src/LUFA/Drivers/USB/Core/DeviceStandardReq.o
                0x00000000000016ea                USB_Device_ProcessControlRequest
 .text          0x00000000000019bc        0x2 ./src/LUFA/Drivers/USB/Core/Events.o
                0x00000000000019bc                EVENT_USB_Device_WakeUp
                0x00000000000019bc                USB_Event_Stub
                0x00000000000019bc                EVENT_USB_Device_Suspend
                0x00000000000019bc                EVENT_USB_Device_StartOfFrame
                0x00000000000019bc                EVENT_USB_Device_Reset
 .text          0x00000000000019be        0x0 ./src/LUFA/Drivers/USB/Core/HostStandardReq.o
 .text          0x00000000000019be       0x3a ./src/LUFA/Drivers/USB/Core/USBTask.o
                0x00000000000019be                USB_USBTask
 .text          0x00000000000019f8        0x0 ./src/LUFA/Drivers/USB/Class/Host/AndroidAccessoryClassHost.o
 .text          0x00000000000019f8        0x0 ./src/LUFA/Drivers/USB/Class/Host/AudioClassHost.o
 .text          0x00000000000019f8        0x0 ./src/LUFA/Drivers/USB/Class/Host/CDCClassHost.o
 .text          0x00000000000019f8        0x0 ./src/LUFA/Drivers/USB/Class/Host/HIDClassHost.o
 .text          0x00000000000019f8        0x0 ./src/LUFA/Drivers/USB/Class/Host/MIDIClassHost.o
 .text          0x00000000000019f8        0x0 ./src/LUFA/Drivers/USB/Class/Host/MassStorageClassHost.o
 .text          0x00000000000019f8        0x0 ./src/LUFA/Drivers/USB/Class/Host/PrinterClassHost.o
 .text          0x00000000000019f8        0x0 ./src/LUFA/Drivers/USB/Class/Host/RNDISClassHost.o
 .text          0x00000000000019f8        0x0 ./src/LUFA/Drivers/USB/Class/Host/StillImageClassHost.o
 .text          0x00000000000019f8      0x550 ./src/LUFA/Drivers/USB/Class/Device/CDCClassDevice.o
                0x00000000000019f8                CDC_Device_ConfigureEndpoints
                0x0000000000001a48                CDC_Device_SendString
                0x0000000000001a8a                CDC_Device_SendData
                0x0000000000001ac8                CDC_Device_SendByte
                0x0000000000001b36                CDC_Device_Flush
                0x0000000000001b98                CDC_Device_USBTask
                0x0000000000001bc6                CDC_Device_BytesReceived
                0x0000000000001c26                CDC_Device_ReceiveByte
                0x0000000000001ce4                CDC_Device_SendControlLineStateChange
                0x0000000000001d72                CDC_Device_CreateStream
                0x0000000000001d98                CDC_Device_CreateBlockingStream
                0x0000000000001dbe                EVENT_CDC_Device_LineEncodingChanged
                0x0000000000001dbe                EVENT_CDC_Device_BreakSent
                0x0000000000001dbe                CDC_Device_Event_Stub
                0x0000000000001dc0                CDC_Device_ProcessControlRequest
 .text          0x0000000000001f48        0x0 ./src/LUFA/Drivers/Peripheral/XMEGA/Serial_XMEGA.o
 .text          0x0000000000001f48      0x122 ./src/LUFA/Drivers/Peripheral/AVR8/Serial_AVR8.o
                0x0000000000001f48                Serial_putchar
                0x0000000000001f5a                Serial_getchar
                0x0000000000001f80                Serial_getchar_Blocking
                0x0000000000001fa0                Serial_SendString_P
                0x0000000000001fba                Serial_SendString
                0x0000000000001fd2                Serial_SendData
                0x0000000000001ff2                Serial_CreateStream
                0x000000000000202e                Serial_CreateBlockingStream
 .text          0x000000000000206a        0x0 ./src/LUFA/Drivers/Peripheral/AVR8/TWI_AVR8.o
 .text          0x000000000000206a        0x0 ./src/LUFA/Drivers/Board/Temperature.o
 .text          0x000000000000206a       0x7a ./src/Descriptors.o
                0x000000000000206a                CALLBACK_USB_GetDescriptor
 .text          0x00000000000020e4      0x366 ./src/Flash.o
                0x000000000000210c                waitBusy
                0x000000000000212a                eraseFlash
                0x0000000000002176                writeByteFlash
                0x0000000000002204                waitHardwareBusy
                0x0000000000002216                writeFlash
                0x00000000000023a8                readFlash
 .text          0x000000000000244a      0xa6a ./src/Loader.o
                0x0000000000002480                configADC
                0x00000000000024bc                adcTask
                0x00000000000025b4                uartTask
                0x00000000000026be                setupTimers
                0x00000000000026c6                setupHardware
                0x000000000000270a                disablePostLoad
                0x000000000000272c                initPostLoad
                0x00000000000027e8                initLoad
                0x00000000000027f4                startLoad
                0x000000000000280c                sendByte
                0x0000000000002814                sendExtraClocks
                0x0000000000002826                loadFromFlash
                0x000000000000293a                loaderTask
                0x0000000000002db8                EVENT_USB_Device_Connect
                0x0000000000002dba                EVENT_USB_Device_Disconnect
                0x0000000000002dbc                EVENT_USB_Device_ConfigurationChanged
                0x0000000000002dc4                EVENT_USB_Device_ControlRequest
                0x0000000000002dcc                EVENT_CDC_Device_ControLineStateChanged
                0x0000000000002de6                __vector_25
                0x0000000000002e4a                __vector_29
 .text          0x0000000000002eb4        0x0 /usr/lib/gcc/avr/4.7.0/avr5/libgcc.a(_exit.o)
 .text          0x0000000000002eb4        0x0 /usr/lib/gcc/avr/4.7.0/avr5/libgcc.a(_copy_data.o)
 .text          0x0000000000002eb4        0x0 /usr/lib/gcc/avr/4.7.0/avr5/libgcc.a(_clear_bss.o)
 .text          0x0000000000002eb4        0x0 /usr/lib/gcc/avr/4.7.0/../../../avr/lib/avr5/libc.a(iob.o)
 .text          0x0000000000002eb4        0x0 /usr/lib/gcc/avr/4.7.0/../../../avr/lib/avr5/libc.a(eerd_byte_atmega16u4.o)
 .text          0x0000000000002eb4        0x0 /usr/lib/gcc/avr/4.7.0/../../../avr/lib/avr5/libc.a(eeupd_byte_atmega16u4.o)
                0x0000000000002eb4                . = ALIGN (0x2)
 *(.text.*)
 .text.startup  0x0000000000002eb4       0x20 ./src/Loader.o
                0x0000000000002eb4                main
 .text.libgcc.mul
                0x0000000000002ed4        0x0 /usr/lib/gcc/avr/4.7.0/avr5/libgcc.a(_exit.o)
 .text.libgcc.div
                0x0000000000002ed4        0x0 /usr/lib/gcc/avr/4.7.0/avr5/libgcc.a(_exit.o)
 .text.libgcc   0x0000000000002ed4        0x0 /usr/lib/gcc/avr/4.7.0/avr5/libgcc.a(_exit.o)
 .text.libgcc.prologue
                0x0000000000002ed4        0x0 /usr/lib/gcc/avr/4.7.0/avr5/libgcc.a(_exit.o)
 .text.libgcc.builtins
                0x0000000000002ed4        0x0 /usr/lib/gcc/avr/4.7.0/avr5/libgcc.a(_exit.o)
 .text.libgcc.fmul
                0x0000000000002ed4        0x0 /usr/lib/gcc/avr/4.7.0/avr5/libgcc.a(_exit.o)
 .text.libgcc.mul
                0x0000000000002ed4        0x0 /usr/lib/gcc/avr/4.7.0/avr5/libgcc.a(_copy_data.o)
 .text.libgcc.div
                0x0000000000002ed4        0x0 /usr/lib/gcc/avr/4.7.0/avr5/libgcc.a(_copy_data.o)
 .text.libgcc   0x0000000000002ed4        0x0 /usr/lib/gcc/avr/4.7.0/avr5/libgcc.a(_copy_data.o)
 .text.libgcc.prologue
                0x0000000000002ed4        0x0 /usr/lib/gcc/avr/4.7.0/avr5/libgcc.a(_copy_data.o)
 .text.libgcc.builtins
                0x0000000000002ed4        0x0 /usr/lib/gcc/avr/4.7.0/avr5/libgcc.a(_copy_data.o)
 .text.libgcc.fmul
                0x0000000000002ed4        0x0 /usr/lib/gcc/avr/4.7.0/avr5/libgcc.a(_copy_data.o)
 .text.libgcc.mul
                0x0000000000002ed4        0x0 /usr/lib/gcc/avr/4.7.0/avr5/libgcc.a(_clear_bss.o)
 .text.libgcc.div
                0x0000000000002ed4        0x0 /usr/lib/gcc/avr/4.7.0/avr5/libgcc.a(_clear_bss.o)
 .text.libgcc   0x0000000000002ed4        0x0 /usr/lib/gcc/avr/4.7.0/avr5/libgcc.a(_clear_bss.o)
 .text.libgcc.prologue
                0x0000000000002ed4        0x0 /usr/lib/gcc/avr/4.7.0/avr5/libgcc.a(_clear_bss.o)
 .text.libgcc.builtins
                0x0000000000002ed4        0x0 /usr/lib/gcc/avr/4.7.0/avr5/libgcc.a(_clear_bss.o)
 .text.libgcc.fmul
                0x0000000000002ed4        0x0 /usr/lib/gcc/avr/4.7.0/avr5/libgcc.a(_clear_bss.o)
 .text.avr-libc
                0x0000000000002ed4       0x10 /usr/lib/gcc/avr/4.7.0/../../../avr/lib/avr5/libc.a(eerd_byte_atmega16u4.o)
                0x0000000000002ed4                __eerd_byte_m16u4
 .text.avr-libc
                0x0000000000002ee4       0x24 /usr/lib/gcc/avr/4.7.0/../../../avr/lib/avr5/libc.a(eeupd_byte_atmega16u4.o)
                0x0000000000002ee4                __eeupd_byte_m16u4
                0x0000000000002ee6                __eeupd_r18_m16u4
                0x0000000000002f08                . = ALIGN (0x2)
 *(.fini9)
 .fini9         0x0000000000002f08        0x0 /usr/lib/gcc/avr/4.7.0/avr5/libgcc.a(_exit.o)
                0x0000000000002f08                exit
                0x0000000000002f08                _exit
 *(.fini9)
 *(.fini8)
 *(.fini8)
 *(.fini7)
 *(.fini7)
 *(.fini6)
 *(.fini6)
 *(.fini5)
 *(.fini5)
 *(.fini4)
 *(.fini4)
 *(.fini3)
 *(.fini3)
 *(.fini2)
 *(.fini2)
 *(.fini1)
 *(.fini1)
 *(.fini0)
 .fini0         0x0000000000002f08        0x4 /usr/lib/gcc/avr/4.7.0/avr5/libgcc.a(_exit.o)
 *(.fini0)
                0x0000000000002f0c                _etext = .

.data           0x0000000000800100       0x2a load address 0x0000000000002f0c
                0x0000000000800100                PROVIDE (__data_start, .)
 *(.data)
 .data          0x0000000000800100        0x0 /usr/lib/gcc/avr/4.7.0/../../../avr/lib/avr5/crtm16u4.o
 .data          0x0000000000800100        0x0 ./src/LUFA/Platform/UC3/Exception.o
 .data          0x0000000000800100        0x0 ./src/LUFA/Platform/UC3/InterruptManagement.o
 .data          0x0000000000800100        0x0 ./src/LUFA/Drivers/USB/Core/XMEGA/Template/Template_Endpoint_Control_R.o
 .data          0x0000000000800100        0x0 ./src/LUFA/Drivers/USB/Core/XMEGA/Template/Template_Endpoint_Control_W.o
 .data          0x0000000000800100        0x0 ./src/LUFA/Drivers/USB/Core/XMEGA/Template/Template_Endpoint_RW.o
 .data          0x0000000000800100        0x0 ./src/LUFA/Drivers/USB/Core/XMEGA/Device_XMEGA.o
 .data          0x0000000000800100        0x0 ./src/LUFA/Drivers/USB/Core/XMEGA/EndpointStream_XMEGA.o
 .data          0x0000000000800100        0x0 ./src/LUFA/Drivers/USB/Core/XMEGA/Endpoint_XMEGA.o
 .data          0x0000000000800100        0x0 ./src/LUFA/Drivers/USB/Core/XMEGA/Host_XMEGA.o
 .data          0x0000000000800100        0x0 ./src/LUFA/Drivers/USB/Core/XMEGA/PipeStream_XMEGA.o
 .data          0x0000000000800100        0x0 ./src/LUFA/Drivers/USB/Core/XMEGA/Pipe_XMEGA.o
 .data          0x0000000000800100        0x0 ./src/LUFA/Drivers/USB/Core/XMEGA/USBController_XMEGA.o
 .data          0x0000000000800100        0x0 ./src/LUFA/Drivers/USB/Core/XMEGA/USBInterrupt_XMEGA.o
 .data          0x0000000000800100        0x0 ./src/LUFA/Drivers/USB/Core/UC3/Template/Template_Endpoint_Control_R.o
 .data          0x0000000000800100        0x0 ./src/LUFA/Drivers/USB/Core/UC3/Template/Template_Endpoint_Control_W.o
 .data          0x0000000000800100        0x0 ./src/LUFA/Drivers/USB/Core/UC3/Template/Template_Endpoint_RW.o
 .data          0x0000000000800100        0x0 ./src/LUFA/Drivers/USB/Core/UC3/Template/Template_Pipe_RW.o
 .data          0x0000000000800100        0x0 ./src/LUFA/Drivers/USB/Core/UC3/Device_UC3.o
 .data          0x0000000000800100        0x0 ./src/LUFA/Drivers/USB/Core/UC3/EndpointStream_UC3.o
 .data          0x0000000000800100        0x0 ./src/LUFA/Drivers/USB/Core/UC3/Endpoint_UC3.o
 .data          0x0000000000800100        0x0 ./src/LUFA/Drivers/USB/Core/UC3/Host_UC3.o
 .data          0x0000000000800100        0x0 ./src/LUFA/Drivers/USB/Core/UC3/PipeStream_UC3.o
 .data          0x0000000000800100        0x0 ./src/LUFA/Drivers/USB/Core/UC3/Pipe_UC3.o
 .data          0x0000000000800100        0x0 ./src/LUFA/Drivers/USB/Core/UC3/USBController_UC3.o
 .data          0x0000000000800100        0x0 ./src/LUFA/Drivers/USB/Core/UC3/USBInterrupt_UC3.o
 .data          0x0000000000800100        0x0 ./src/LUFA/Drivers/USB/Core/AVR8/Template/Template_Endpoint_Control_R.o
 .data          0x0000000000800100        0x0 ./src/LUFA/Drivers/USB/Core/AVR8/Template/Template_Endpoint_Control_W.o
 .data          0x0000000000800100        0x0 ./src/LUFA/Drivers/USB/Core/AVR8/Template/Template_Endpoint_RW.o
 .data          0x0000000000800100        0x0 ./src/LUFA/Drivers/USB/Core/AVR8/Template/Template_Pipe_RW.o
 .data          0x0000000000800100        0x0 ./src/LUFA/Drivers/USB/Core/AVR8/Device_AVR8.o
 .data          0x0000000000800100        0x0 ./src/LUFA/Drivers/USB/Core/AVR8/EndpointStream_AVR8.o
 .data          0x0000000000800100        0x0 ./src/LUFA/Drivers/USB/Core/AVR8/Endpoint_AVR8.o
 .data          0x0000000000800100        0x0 ./src/LUFA/Drivers/USB/Core/AVR8/Host_AVR8.o
 .data          0x0000000000800100        0x0 ./src/LUFA/Drivers/USB/Core/AVR8/PipeStream_AVR8.o
 .data          0x0000000000800100        0x0 ./src/LUFA/Drivers/USB/Core/AVR8/Pipe_AVR8.o
 .data          0x0000000000800100        0x0 ./src/LUFA/Drivers/USB/Core/AVR8/USBController_AVR8.o
 .data          0x0000000000800100        0x0 ./src/LUFA/Drivers/USB/Core/AVR8/USBInterrupt_AVR8.o
 .data          0x0000000000800100        0x0 ./src/LUFA/Drivers/USB/Core/ConfigDescriptors.o
 .data          0x0000000000800100        0x0 ./src/LUFA/Drivers/USB/Core/DeviceStandardReq.o
 .data          0x0000000000800100        0x0 ./src/LUFA/Drivers/USB/Core/Events.o
 .data          0x0000000000800100        0x0 ./src/LUFA/Drivers/USB/Core/HostStandardReq.o
 .data          0x0000000000800100        0x0 ./src/LUFA/Drivers/USB/Core/USBTask.o
 .data          0x0000000000800100        0x0 ./src/LUFA/Drivers/USB/Class/Host/AndroidAccessoryClassHost.o
 .data          0x0000000000800100        0x0 ./src/LUFA/Drivers/USB/Class/Host/AudioClassHost.o
 .data          0x0000000000800100        0x0 ./src/LUFA/Drivers/USB/Class/Host/CDCClassHost.o
 .data          0x0000000000800100        0x0 ./src/LUFA/Drivers/USB/Class/Host/HIDClassHost.o
 .data          0x0000000000800100        0x0 ./src/LUFA/Drivers/USB/Class/Host/MIDIClassHost.o
 .data          0x0000000000800100        0x0 ./src/LUFA/Drivers/USB/Class/Host/MassStorageClassHost.o
 .data          0x0000000000800100        0x0 ./src/LUFA/Drivers/USB/Class/Host/PrinterClassHost.o
 .data          0x0000000000800100        0x0 ./src/LUFA/Drivers/USB/Class/Host/RNDISClassHost.o
 .data          0x0000000000800100        0x0 ./src/LUFA/Drivers/USB/Class/Host/StillImageClassHost.o
 .data          0x0000000000800100        0x0 ./src/LUFA/Drivers/USB/Class/Device/CDCClassDevice.o
 .data          0x0000000000800100        0x0 ./src/LUFA/Drivers/Peripheral/XMEGA/Serial_XMEGA.o
 .data          0x0000000000800100        0x0 ./src/LUFA/Drivers/Peripheral/AVR8/Serial_AVR8.o
 .data          0x0000000000800100        0x0 ./src/LUFA/Drivers/Peripheral/AVR8/TWI_AVR8.o
 .data          0x0000000000800100        0x0 ./src/LUFA/Drivers/Board/Temperature.o
 .data          0x0000000000800100        0x0 ./src/Descriptors.o
 .data          0x0000000000800100        0x0 ./src/Flash.o
 .data          0x0000000000800100       0x21 ./src/Loader.o
                0x0000000000800100                convPort
                0x0000000000800101                adcPort
                0x0000000000800102                taskState
                0x0000000000800103                VirtualSerial_CDC_Interface
 .data          0x0000000000800121        0x0 /usr/lib/gcc/avr/4.7.0/avr5/libgcc.a(_exit.o)
 .data          0x0000000000800121        0x0 /usr/lib/gcc/avr/4.7.0/avr5/libgcc.a(_copy_data.o)
 .data          0x0000000000800121        0x0 /usr/lib/gcc/avr/4.7.0/avr5/libgcc.a(_clear_bss.o)
 .data          0x0000000000800121        0x0 /usr/lib/gcc/avr/4.7.0/../../../avr/lib/avr5/libc.a(iob.o)
 .data          0x0000000000800121        0x0 /usr/lib/gcc/avr/4.7.0/../../../avr/lib/avr5/libc.a(eerd_byte_atmega16u4.o)
 .data          0x0000000000800121        0x0 /usr/lib/gcc/avr/4.7.0/../../../avr/lib/avr5/libc.a(eeupd_byte_atmega16u4.o)
 *(.data*)
 *(.rodata)
 .rodata        0x0000000000800121        0x8 ./src/LUFA/Drivers/USB/Class/Device/CDCClassDevice.o
 *(.rodata*)
 *(.gnu.linkonce.d*)
                0x000000000080012a                . = ALIGN (0x2)
 *fill*         0x0000000000800129        0x1 00
                0x000000000080012a                _edata = .
                0x000000000080012a                PROVIDE (__data_end, .)

.bss            0x000000000080012a      0x344
                0x000000000080012a                PROVIDE (__bss_start, .)
 *(.bss)
 .bss           0x000000000080012a        0x0 /usr/lib/gcc/avr/4.7.0/../../../avr/lib/avr5/crtm16u4.o
 .bss           0x000000000080012a        0x0 ./src/LUFA/Platform/UC3/Exception.o
 .bss           0x000000000080012a        0x0 ./src/LUFA/Platform/UC3/InterruptManagement.o
 .bss           0x000000000080012a        0x0 ./src/LUFA/Drivers/USB/Core/XMEGA/Template/Template_Endpoint_Control_R.o
 .bss           0x000000000080012a        0x0 ./src/LUFA/Drivers/USB/Core/XMEGA/Template/Template_Endpoint_Control_W.o
 .bss           0x000000000080012a        0x0 ./src/LUFA/Drivers/USB/Core/XMEGA/Template/Template_Endpoint_RW.o
 .bss           0x000000000080012a        0x0 ./src/LUFA/Drivers/USB/Core/XMEGA/Device_XMEGA.o
 .bss           0x000000000080012a        0x0 ./src/LUFA/Drivers/USB/Core/XMEGA/EndpointStream_XMEGA.o
 .bss           0x000000000080012a        0x0 ./src/LUFA/Drivers/USB/Core/XMEGA/Endpoint_XMEGA.o
 .bss           0x000000000080012a        0x0 ./src/LUFA/Drivers/USB/Core/XMEGA/Host_XMEGA.o
 .bss           0x000000000080012a        0x0 ./src/LUFA/Drivers/USB/Core/XMEGA/PipeStream_XMEGA.o
 .bss           0x000000000080012a        0x0 ./src/LUFA/Drivers/USB/Core/XMEGA/Pipe_XMEGA.o
 .bss           0x000000000080012a        0x0 ./src/LUFA/Drivers/USB/Core/XMEGA/USBController_XMEGA.o
 .bss           0x000000000080012a        0x0 ./src/LUFA/Drivers/USB/Core/XMEGA/USBInterrupt_XMEGA.o
 .bss           0x000000000080012a        0x0 ./src/LUFA/Drivers/USB/Core/UC3/Template/Template_Endpoint_Control_R.o
 .bss           0x000000000080012a        0x0 ./src/LUFA/Drivers/USB/Core/UC3/Template/Template_Endpoint_Control_W.o
 .bss           0x000000000080012a        0x0 ./src/LUFA/Drivers/USB/Core/UC3/Template/Template_Endpoint_RW.o
 .bss           0x000000000080012a        0x0 ./src/LUFA/Drivers/USB/Core/UC3/Template/Template_Pipe_RW.o
 .bss           0x000000000080012a        0x0 ./src/LUFA/Drivers/USB/Core/UC3/Device_UC3.o
 .bss           0x000000000080012a        0x0 ./src/LUFA/Drivers/USB/Core/UC3/EndpointStream_UC3.o
 .bss           0x000000000080012a        0x0 ./src/LUFA/Drivers/USB/Core/UC3/Endpoint_UC3.o
 .bss           0x000000000080012a        0x0 ./src/LUFA/Drivers/USB/Core/UC3/Host_UC3.o
 .bss           0x000000000080012a        0x0 ./src/LUFA/Drivers/USB/Core/UC3/PipeStream_UC3.o
 .bss           0x000000000080012a        0x0 ./src/LUFA/Drivers/USB/Core/UC3/Pipe_UC3.o
 .bss           0x000000000080012a        0x0 ./src/LUFA/Drivers/USB/Core/UC3/USBController_UC3.o
 .bss           0x000000000080012a        0x0 ./src/LUFA/Drivers/USB/Core/UC3/USBInterrupt_UC3.o
 .bss           0x000000000080012a        0x0 ./src/LUFA/Drivers/USB/Core/AVR8/Template/Template_Endpoint_Control_R.o
 .bss           0x000000000080012a        0x0 ./src/LUFA/Drivers/USB/Core/AVR8/Template/Template_Endpoint_Control_W.o
 .bss           0x000000000080012a        0x0 ./src/LUFA/Drivers/USB/Core/AVR8/Template/Template_Endpoint_RW.o
 .bss           0x000000000080012a        0x0 ./src/LUFA/Drivers/USB/Core/AVR8/Template/Template_Pipe_RW.o
 .bss           0x000000000080012a        0x0 ./src/LUFA/Drivers/USB/Core/AVR8/Device_AVR8.o
 .bss           0x000000000080012a        0x0 ./src/LUFA/Drivers/USB/Core/AVR8/EndpointStream_AVR8.o
 .bss           0x000000000080012a        0x0 ./src/LUFA/Drivers/USB/Core/AVR8/Endpoint_AVR8.o
 .bss           0x000000000080012a        0x0 ./src/LUFA/Drivers/USB/Core/AVR8/Host_AVR8.o
 .bss           0x000000000080012a        0x0 ./src/LUFA/Drivers/USB/Core/AVR8/PipeStream_AVR8.o
 .bss           0x000000000080012a        0x0 ./src/LUFA/Drivers/USB/Core/AVR8/Pipe_AVR8.o
 .bss           0x000000000080012a        0x0 ./src/LUFA/Drivers/USB/Core/AVR8/USBController_AVR8.o
 .bss           0x000000000080012a        0x0 ./src/LUFA/Drivers/USB/Core/AVR8/USBInterrupt_AVR8.o
 .bss           0x000000000080012a        0x0 ./src/LUFA/Drivers/USB/Core/ConfigDescriptors.o
 .bss           0x000000000080012a        0x0 ./src/LUFA/Drivers/USB/Core/DeviceStandardReq.o
 .bss           0x000000000080012a        0x0 ./src/LUFA/Drivers/USB/Core/Events.o
 .bss           0x000000000080012a        0x0 ./src/LUFA/Drivers/USB/Core/HostStandardReq.o
 .bss           0x000000000080012a        0x0 ./src/LUFA/Drivers/USB/Core/USBTask.o
 .bss           0x000000000080012a        0x0 ./src/LUFA/Drivers/USB/Class/Host/AndroidAccessoryClassHost.o
 .bss           0x000000000080012a        0x0 ./src/LUFA/Drivers/USB/Class/Host/AudioClassHost.o
 .bss           0x000000000080012a        0x0 ./src/LUFA/Drivers/USB/Class/Host/CDCClassHost.o
 .bss           0x000000000080012a        0x0 ./src/LUFA/Drivers/USB/Class/Host/HIDClassHost.o
 .bss           0x000000000080012a        0x0 ./src/LUFA/Drivers/USB/Class/Host/MIDIClassHost.o
 .bss           0x000000000080012a        0x0 ./src/LUFA/Drivers/USB/Class/Host/MassStorageClassHost.o
 .bss           0x000000000080012a        0x0 ./src/LUFA/Drivers/USB/Class/Host/PrinterClassHost.o
 .bss           0x000000000080012a        0x0 ./src/LUFA/Drivers/USB/Class/Host/RNDISClassHost.o
 .bss           0x000000000080012a        0x0 ./src/LUFA/Drivers/USB/Class/Host/StillImageClassHost.o
 .bss           0x000000000080012a        0x0 ./src/LUFA/Drivers/USB/Class/Device/CDCClassDevice.o
 .bss           0x000000000080012a        0x0 ./src/LUFA/Drivers/Peripheral/XMEGA/Serial_XMEGA.o
 .bss           0x000000000080012a        0x0 ./src/LUFA/Drivers/Peripheral/AVR8/Serial_AVR8.o
 .bss           0x000000000080012a        0x0 ./src/LUFA/Drivers/Peripheral/AVR8/TWI_AVR8.o
 .bss           0x000000000080012a        0x0 ./src/LUFA/Drivers/Board/Temperature.o
 .bss           0x000000000080012a        0x0 ./src/Descriptors.o
 .bss           0x000000000080012a        0x0 ./src/Flash.o
 .bss           0x000000000080012a        0xb ./src/Loader.o
 .bss           0x0000000000800135        0x0 /usr/lib/gcc/avr/4.7.0/avr5/libgcc.a(_exit.o)
 .bss           0x0000000000800135        0x0 /usr/lib/gcc/avr/4.7.0/avr5/libgcc.a(_copy_data.o)
 .bss           0x0000000000800135        0x0 /usr/lib/gcc/avr/4.7.0/avr5/libgcc.a(_clear_bss.o)
 .bss           0x0000000000800135        0x0 /usr/lib/gcc/avr/4.7.0/../../../avr/lib/avr5/libc.a(iob.o)
 .bss           0x0000000000800135        0x0 /usr/lib/gcc/avr/4.7.0/../../../avr/lib/avr5/libc.a(eerd_byte_atmega16u4.o)
 .bss           0x0000000000800135        0x0 /usr/lib/gcc/avr/4.7.0/../../../avr/lib/avr5/libc.a(eeupd_byte_atmega16u4.o)
 *(.bss*)
 *(COMMON)
 COMMON         0x0000000000800135        0x3 ./src/LUFA/Drivers/USB/Core/DeviceStandardReq.o
                0x0000000000800135                USB_Device_ConfigurationNumber
                0x0000000000800136                USB_Device_CurrentlySelfPowered
                0x0000000000800137                USB_Device_RemoteWakeupEnabled
 COMMON         0x0000000000800138        0xa ./src/LUFA/Drivers/USB/Core/USBTask.o
                0x0000000000800138                USB_IsInitialized
                0x0000000000800139                USB_DeviceState
                0x000000000080013a                USB_ControlRequest
 COMMON         0x0000000000800142        0xe ./src/LUFA/Drivers/Peripheral/AVR8/Serial_AVR8.o
                0x0000000000800142                USARTSerialStream
 COMMON         0x0000000000800150      0x318 ./src/Loader.o
                0x0000000000800150                adcBuffer
                0x0000000000800350                adcRingBuffer
                0x000000000080035c                loadBuffer
                0x000000000080045c                ringBuffer
 COMMON         0x0000000000800468        0x6 /usr/lib/gcc/avr/4.7.0/../../../avr/lib/avr5/libc.a(iob.o)
                0x0000000000800468                __iob
                0x000000000080046e                PROVIDE (__bss_end, .)
                0x0000000000002f0c                __data_load_start = LOADADDR (.data)
                0x0000000000002f36                __data_load_end = (__data_load_start + SIZEOF (.data))

.noinit         0x000000000080046e        0x0
                0x000000000080046e                PROVIDE (__noinit_start, .)
 *(.noinit*)
                0x000000000080046e                PROVIDE (__noinit_end, .)
                0x000000000080046e                _end = .
                0x000000000080046e                PROVIDE (__heap_start, .)

.eeprom         0x0000000000810000        0x0
 *(.eeprom*)
                0x0000000000810000                __eeprom_end = .

.fuse
 *(.fuse)
 *(.lfuse)
 *(.hfuse)
 *(.efuse)

.lock
 *(.lock*)

.signature
 *(.signature*)

.stab           0x0000000000000000      0xb70
 *(.stab)
 .stab          0x0000000000000000      0x6cc /usr/lib/gcc/avr/4.7.0/../../../avr/lib/avr5/crtm16u4.o
 .stab          0x00000000000006cc      0x300 /usr/lib/gcc/avr/4.7.0/../../../avr/lib/avr5/libc.a(iob.o)
                                        0x30c (size before relaxing)
 .stab          0x00000000000009cc       0x90 /usr/lib/gcc/avr/4.7.0/../../../avr/lib/avr5/libc.a(eerd_byte_atmega16u4.o)
                                         0x9c (size before relaxing)
 .stab          0x0000000000000a5c      0x114 /usr/lib/gcc/avr/4.7.0/../../../avr/lib/avr5/libc.a(eeupd_byte_atmega16u4.o)
                                        0x120 (size before relaxing)

.stabstr        0x0000000000000000      0x85c
 *(.stabstr)
 .stabstr       0x0000000000000000      0x85c /usr/lib/gcc/avr/4.7.0/../../../avr/lib/avr5/crtm16u4.o

.stab.excl
 *(.stab.excl)

.stab.exclstr
 *(.stab.exclstr)

.stab.index
 *(.stab.index)

.stab.indexstr
 *(.stab.indexstr)

.comment        0x0000000000000000       0x11
 *(.comment)
 .comment       0x0000000000000000       0x11 ./src/LUFA/Platform/UC3/InterruptManagement.o
                                         0x12 (size before relaxing)
 .comment       0x0000000000000000       0x12 ./src/LUFA/Drivers/USB/Core/XMEGA/Template/Template_Endpoint_Control_R.o
 .comment       0x0000000000000000       0x12 ./src/LUFA/Drivers/USB/Core/XMEGA/Template/Template_Endpoint_Control_W.o
 .comment       0x0000000000000000       0x12 ./src/LUFA/Drivers/USB/Core/XMEGA/Template/Template_Endpoint_RW.o
 .comment       0x0000000000000000       0x12 ./src/LUFA/Drivers/USB/Core/XMEGA/Device_XMEGA.o
 .comment       0x0000000000000000       0x12 ./src/LUFA/Drivers/USB/Core/XMEGA/EndpointStream_XMEGA.o
 .comment       0x0000000000000000       0x12 ./src/LUFA/Drivers/USB/Core/XMEGA/Endpoint_XMEGA.o
 .comment       0x0000000000000000       0x12 ./src/LUFA/Drivers/USB/Core/XMEGA/Host_XMEGA.o
 .comment       0x0000000000000000       0x12 ./src/LUFA/Drivers/USB/Core/XMEGA/PipeStream_XMEGA.o
 .comment       0x0000000000000000       0x12 ./src/LUFA/Drivers/USB/Core/XMEGA/Pipe_XMEGA.o
 .comment       0x0000000000000000       0x12 ./src/LUFA/Drivers/USB/Core/XMEGA/USBController_XMEGA.o
 .comment       0x0000000000000000       0x12 ./src/LUFA/Drivers/USB/Core/XMEGA/USBInterrupt_XMEGA.o
 .comment       0x0000000000000000       0x12 ./src/LUFA/Drivers/USB/Core/UC3/Template/Template_Endpoint_Control_R.o
 .comment       0x0000000000000000       0x12 ./src/LUFA/Drivers/USB/Core/UC3/Template/Template_Endpoint_Control_W.o
 .comment       0x0000000000000000       0x12 ./src/LUFA/Drivers/USB/Core/UC3/Template/Template_Endpoint_RW.o
 .comment       0x0000000000000000       0x12 ./src/LUFA/Drivers/USB/Core/UC3/Template/Template_Pipe_RW.o
 .comment       0x0000000000000000       0x12 ./src/LUFA/Drivers/USB/Core/UC3/Device_UC3.o
 .comment       0x0000000000000000       0x12 ./src/LUFA/Drivers/USB/Core/UC3/EndpointStream_UC3.o
 .comment       0x0000000000000000       0x12 ./src/LUFA/Drivers/USB/Core/UC3/Endpoint_UC3.o
 .comment       0x0000000000000000       0x12 ./src/LUFA/Drivers/USB/Core/UC3/Host_UC3.o
 .comment       0x0000000000000000       0x12 ./src/LUFA/Drivers/USB/Core/UC3/PipeStream_UC3.o
 .comment       0x0000000000000000       0x12 ./src/LUFA/Drivers/USB/Core/UC3/Pipe_UC3.o
 .comment       0x0000000000000000       0x12 ./src/LUFA/Drivers/USB/Core/UC3/USBController_UC3.o
 .comment       0x0000000000000000       0x12 ./src/LUFA/Drivers/USB/Core/UC3/USBInterrupt_UC3.o
 .comment       0x0000000000000000       0x12 ./src/LUFA/Drivers/USB/Core/AVR8/Template/Template_Endpoint_Control_R.o
 .comment       0x0000000000000000       0x12 ./src/LUFA/Drivers/USB/Core/AVR8/Template/Template_Endpoint_Control_W.o
 .comment       0x0000000000000000       0x12 ./src/LUFA/Drivers/USB/Core/AVR8/Template/Template_Endpoint_RW.o
 .comment       0x0000000000000000       0x12 ./src/LUFA/Drivers/USB/Core/AVR8/Template/Template_Pipe_RW.o
 .comment       0x0000000000000000       0x12 ./src/LUFA/Drivers/USB/Core/AVR8/Device_AVR8.o
 .comment       0x0000000000000000       0x12 ./src/LUFA/Drivers/USB/Core/AVR8/EndpointStream_AVR8.o
 .comment       0x0000000000000000       0x12 ./src/LUFA/Drivers/USB/Core/AVR8/Endpoint_AVR8.o
 .comment       0x0000000000000000       0x12 ./src/LUFA/Drivers/USB/Core/AVR8/Host_AVR8.o
 .comment       0x0000000000000000       0x12 ./src/LUFA/Drivers/USB/Core/AVR8/PipeStream_AVR8.o
 .comment       0x0000000000000000       0x12 ./src/LUFA/Drivers/USB/Core/AVR8/Pipe_AVR8.o
 .comment       0x0000000000000000       0x12 ./src/LUFA/Drivers/USB/Core/AVR8/USBController_AVR8.o
 .comment       0x0000000000000000       0x12 ./src/LUFA/Drivers/USB/Core/AVR8/USBInterrupt_AVR8.o
 .comment       0x0000000000000000       0x12 ./src/LUFA/Drivers/USB/Core/ConfigDescriptors.o
 .comment       0x0000000000000000       0x12 ./src/LUFA/Drivers/USB/Core/DeviceStandardReq.o
 .comment       0x0000000000000000       0x12 ./src/LUFA/Drivers/USB/Core/Events.o
 .comment       0x0000000000000000       0x12 ./src/LUFA/Drivers/USB/Core/HostStandardReq.o
 .comment       0x0000000000000000       0x12 ./src/LUFA/Drivers/USB/Core/USBTask.o
 .comment       0x0000000000000000       0x12 ./src/LUFA/Drivers/USB/Class/Host/AndroidAccessoryClassHost.o
 .comment       0x0000000000000000       0x12 ./src/LUFA/Drivers/USB/Class/Host/AudioClassHost.o
 .comment       0x0000000000000000       0x12 ./src/LUFA/Drivers/USB/Class/Host/CDCClassHost.o
 .comment       0x0000000000000000       0x12 ./src/LUFA/Drivers/USB/Class/Host/HIDClassHost.o
 .comment       0x0000000000000000       0x12 ./src/LUFA/Drivers/USB/Class/Host/MIDIClassHost.o
 .comment       0x0000000000000000       0x12 ./src/LUFA/Drivers/USB/Class/Host/MassStorageClassHost.o
 .comment       0x0000000000000000       0x12 ./src/LUFA/Drivers/USB/Class/Host/PrinterClassHost.o
 .comment       0x0000000000000000       0x12 ./src/LUFA/Drivers/USB/Class/Host/RNDISClassHost.o
 .comment       0x0000000000000000       0x12 ./src/LUFA/Drivers/USB/Class/Host/StillImageClassHost.o
 .comment       0x0000000000000000       0x12 ./src/LUFA/Drivers/USB/Class/Device/CDCClassDevice.o
 .comment       0x0000000000000000       0x12 ./src/LUFA/Drivers/Peripheral/XMEGA/Serial_XMEGA.o
 .comment       0x0000000000000000       0x12 ./src/LUFA/Drivers/Peripheral/AVR8/Serial_AVR8.o
 .comment       0x0000000000000000       0x12 ./src/LUFA/Drivers/Peripheral/AVR8/TWI_AVR8.o
 .comment       0x0000000000000000       0x12 ./src/LUFA/Drivers/Board/Temperature.o
 .comment       0x0000000000000000       0x12 ./src/Descriptors.o
 .comment       0x0000000000000000       0x12 ./src/Flash.o
 .comment       0x0000000000000000       0x12 ./src/Loader.o
 .comment       0x0000000000000000       0x12 /usr/lib/gcc/avr/4.7.0/../../../avr/lib/avr5/libc.a(iob.o)

.debug
 *(.debug)

.line
 *(.line)

.debug_srcinfo
 *(.debug_srcinfo)

.debug_sfnames
 *(.debug_sfnames)

.debug_aranges
 *(.debug_aranges)

.debug_pubnames
 *(.debug_pubnames)

.debug_info
 *(.debug_info)
 *(.gnu.linkonce.wi.*)

.debug_abbrev
 *(.debug_abbrev)

.debug_line
 *(.debug_line)

.debug_frame
 *(.debug_frame)

.debug_str
 *(.debug_str)

.debug_loc
 *(.debug_loc)

.debug_macinfo
 *(.debug_macinfo)
OUTPUT(Mojo-v2-Loader.elf elf32-avr)
LOAD linker stubs
